// Jest Snapshot v1, https://goo.gl/fbAQLP

exports[`Tests in <FirstApp /> should do match with the snapshot 1`] = `
<div>
  <h1
    data-testid="test-title"
  >
    I am Miguel
  </h1>
  <p>
    There is not subtitle
  </p>
  <p>
    There is not subtitle
  </p>
  <p>
    Miguel Ordo√±ez
  </p>
</div>
`;
